// Jest Snapshot v1, https://goo.gl/fbAQLP

exports[`<AddressForm /> renders correctly 1`] = `
<form
  action="#"
  onReset={[Function]}
  onSubmit={[Function]}
>
  <div
    className="form"
  >
    <div>
      <input
        className="field"
        data-testid="name"
        name="name"
        onBlur={[Function]}
        onChange={[Function]}
        placeholder="Name"
        type="text"
        value=""
      />
    </div>
    <div>
      <input
        className="field"
        name="street"
        onBlur={[Function]}
        onChange={[Function]}
        placeholder="Street"
        type="text"
        value=""
      />
    </div>
    <div
      className="fieldRow"
    >
      <div
        className="city"
      >
        <input
          className="field"
          name="city"
          onBlur={[Function]}
          onChange={[Function]}
          placeholder="City"
          type="text"
          value=""
        />
      </div>
      <div
        className="stateName"
      >
        <input
          className="field"
          name="stateName"
          onBlur={[Function]}
          onChange={[Function]}
          placeholder="State"
          type="text"
          value=""
        />
      </div>
      <div
        className="zip"
      >
        <input
          className="field"
          name="zip"
          onBlur={[Function]}
          onChange={[Function]}
          placeholder="Zip"
          type="text"
          value=""
        />
      </div>
    </div>
    <div
      className="btn-row"
    >
      <button
        className="submit-btn"
        type="submit"
      >
        Submit
      </button>
    </div>
  </div>
</form>
`;
